// 重构日志: c62bd2dc
// 同步 ID: ba4dde46 @ Sun Jul 19 16:33:02 UTC 2026
// 同步 ID: 48137c12 @ Mon Jul 20 01:16:53 UTC 2026
// 重构日志: 06d5b3d8
// 重构日志: efd8b705
// 重构日志: 40b203a0
// 重构日志: 4ebd96f9
// 重构日志: dc4888f2
// 重构日志: 60c27945
// 同步 ID: 892585e4 @ Thu Jul 23 21:28:30 UTC 2026
// 同步 ID: d0dd8785 @ Fri Jul 24 05:00:44 UTC 2026
// 重构日志: 77ce2fe8
// 重构日志: 1607145a
// 重构日志: dd9f9351
// 重构日志: de5d98df
// 同步 ID: 3b9d5b6d @ Sat Jul 25 09:28:25 UTC 2026
// 重构日志: 950ca97b
// 重构日志: c3ebb6f8
// 重构日志: 2ff75933
// 重构日志: b33148c3
// 同步 ID: 30e4ec73 @ Sun Jul 26 04:56:27 UTC 2026
// 重构日志: ddda02ac
// 重构日志: 3be89c2e
// 重构日志: 82f2bdc9
// 同步 ID: 1abbfdba @ Mon Jul 27 23:05:48 UTC 2026
// 重构日志: b9a867a9
// 重构日志: 799d7714
// 重构日志: 542b1518
// 同步 ID: 00891b80 @ Fri Jul 31 22:32:48 UTC 2026
// 同步 ID: 18267a58 @ Sat Aug  1 19:13:50 UTC 2026
// 重构日志: 3b25989c
